[hk] 全市場候選 1634 檔有數據、曾入前 500 名 1425 檔
[hk] 1425 檔、4017 個交易日（2010-06-01 ~ 2026-09-23）
PPP20 下半身0.0     訊號  71876 筆數  48807  alpha t -3.32  vs等權 t -3.94  beta 0.72  年化 -13.5% (ETF +4.2%)  MDD -94% (ETF -49%)  勝率 32%  每筆 -0.16%  持有 5 日  持倉 67.2  前/後 t -1.04/-5.78
                 【絕對】t -1.92  前/後 -0.21/-3.70  每月平均 -0.93%
PPP20 下半身0.5     訊號  50476 筆數  36870  alpha t -2.23  vs等權 t -2.58  beta 0.72  年化 -9.3% (ETF +4.2%)  MDD -89% (ETF -49%)  勝率 32%  每筆 -0.10%  持有 5 日  持倉 53.9  前/後 t -0.33/-4.80
                 【絕對】t -1.09  前/後 0.32/-2.94  每月平均 -0.54%
PPP20 下半身0.75    訊號  29397 筆數  23828  alpha t -1.68  vs等權 t -1.88  beta 0.66  年化 -8.3% (ETF +4.2%)  MDD -90% (ETF -49%)  勝率 32%  每筆 -0.08%  持有 5 日  持倉 36.2  前/後 t 0.51/-5.06
                 【絕對】t -0.82  前/後 0.95/-3.46  每月平均 -0.43%
PPP60 下半身0.0     訊號  45059 筆數  30485  alpha t -1.77  vs等權 t -2.03  beta 0.61  年化 -9.9% (ETF +4.2%)  MDD -91% (ETF -49%)  勝率 32%  每筆 -0.03%  持有 5 日  持倉 42.7  前/後 t 0.13/-3.97
                 【絕對】t -1.03  前/後 0.65/-3.41  每月平均 -0.55%
PPP60 下半身0.5     訊號  31675 筆數  23052  alpha t -0.90  vs等權 t -1.04  beta 0.59  年化 -5.6% (ETF +4.2%)  MDD -84% (ETF -49%)  勝率 33%  每筆 +0.05%  持有 5 日  持倉 34.3  前/後 t 0.76/-3.36
                 【絕對】t -0.29  前/後 1.16/-2.78  每月平均 -0.16%
  出場原因 {'跌破五日 EMA': 23030, '252 日上限': 21, '下市／樣本末仍持有': 1}；正年數 8/17、最差年 (2022, -0.4528482667122081)；前 10 筆佔總獲利 172%
  訊號成交額排名分布：{'大型（前 1/3）': 7873, '中型': 7851, '小型（後 1/3）': 7328}
PPP60 下半身0.75    訊號  18467 筆數  14938  alpha t -0.78  vs等權 t -0.87  beta 0.57  年化 -6.4% (ETF +4.2%)  MDD -90% (ETF -49%)  勝率 33%  每筆 +0.08%  持有 5 日  持倉 23.1  前/後 t 1.30/-3.70
                 【絕對】t -0.27  前/後 1.60/-3.12  每月平均 -0.17%
PPP100 下半身0.0    訊號  31861 筆數  21500  alpha t -0.78  vs等權 t -0.91  beta 0.58  年化 -5.7% (ETF +4.2%)  MDD -84% (ETF -49%)  勝率 32%  每筆 +0.00%  持有 5 日  持倉 30.4  前/後 t 0.77/-3.29
                 【絕對】t -0.24  前/後 1.13/-2.77  每月平均 -0.14%
PPP100 下半身0.5    訊號  22344 筆數  16223  alpha t -0.15  vs等權 t -0.23  beta 0.57  年化 -2.2% (ETF +4.2%)  MDD -79% (ETF -49%)  勝率 33%  每筆 +0.08%  持有 5 日  持倉 24.4  前/後 t 1.22/-2.74
                 【絕對】t  0.31  前/後 1.52/-2.22  每月平均 +0.19%
PPP100 下半身0.75   訊號  13017 筆數  10495  alpha t -0.47  vs等權 t -0.56  beta 0.55  年化 -5.6% (ETF +4.2%)  MDD -90% (ETF -49%)  勝率 33%  每筆 +0.10%  持有 5 日  持倉 16.5  前/後 t 1.32/-3.42
                 【絕對】t -0.04  前/後 1.60/-2.92  每月平均 -0.02%
隨機對照 200 次：中位數 -2.76、第 95 百分位 -1.22；預設格 -0.29 在第 100% 百分位
