[jp] 全市場候選 3608 檔有數據、曾入前 1000 名 2649 檔
[jp] 2649 檔、4231 個交易日（2009-06-01 ~ 2026-09-18）
PPP20 下半身0.0     訊號 147076 筆數 104329  alpha t -5.73  vs等權 t -2.59  beta 0.57  年化 -7.9% (ETF +13.4%)  MDD -81% (ETF -31%)  勝率 34%  每筆 -0.11%  持有 4 日  持倉 134.4  前/後 t -2.96/-4.86
                 【絕對】t -1.94  前/後 -1.73/-1.28  每月平均 -0.57%
PPP20 下半身0.5     訊號  98151 筆數  75362  alpha t -4.66  vs等權 t -2.18  beta 0.57  年化 -7.5% (ETF +13.4%)  MDD -82% (ETF -31%)  勝率 34%  每筆 -0.12%  持有 5 日  持倉 101.7  前/後 t -2.25/-4.15
                 【絕對】t -1.61  前/後 -1.54/-1.05  每月平均 -0.52%
PPP20 下半身0.75    訊號  55670 筆數  47018  alpha t -6.10  vs等權 t -3.48  beta 0.66  年化 -14.3% (ETF +13.4%)  MDD -94% (ETF -31%)  勝率 34%  每筆 -0.18%  持有 5 日  持倉 64.9  前/後 t -2.95/-5.37
                 【絕對】t -2.85  前/後 -2.13/-2.13  每月平均 -1.08%
PPP60 下半身0.0     訊號  98264 筆數  69606  alpha t -4.10  vs等權 t -1.83  beta 0.55  年化 -6.0% (ETF +13.4%)  MDD -74% (ETF -31%)  勝率 34%  每筆 -0.05%  持有 4 日  持倉 90.1  前/後 t -1.83/-3.66
                 【絕對】t -1.23  前/後 -1.15/-0.80  每月平均 -0.39%
PPP60 下半身0.5     訊號  65846 筆數  50478  alpha t -3.65  vs等權 t -1.67  beta 0.57  年化 -6.3% (ETF +13.4%)  MDD -82% (ETF -31%)  勝率 34%  每筆 -0.05%  持有 5 日  持倉 68.4  前/後 t -1.37/-3.52
                 【絕對】t -1.13  前/後 -0.99/-0.79  每月平均 -0.40%
  出場原因 {'跌破五日 EMA': 50411, '252 日上限': 67}；正年數 5/18、最差年 (2018, -0.2962535852401096)；前 10 筆佔總獲利 nan%
  訊號成交額排名分布：{'大型（前 1/3）': 16253, '中型': 16997, '小型（後 1/3）': 17228}
  不剔除可疑：筆數 50481  alpha t -3.65  vs等權 t -1.67  絕對 t -1.13
PPP60 下半身0.75    訊號  37441 筆數  31607  alpha t -4.95  vs等權 t -2.96  beta 0.66  年化 -13.7% (ETF +13.4%)  MDD -94% (ETF -31%)  勝率 34%  每筆 -0.10%  持有 5 日  持倉 43.8  前/後 t -2.34/-4.43
                 【絕對】t -2.35  前/後 -1.77/-1.77  每月平均 -0.99%
PPP100 下半身0.0    訊號  73055 筆數  51941  alpha t -4.12  vs等權 t -2.16  beta 0.54  年化 -7.6% (ETF +13.4%)  MDD -80% (ETF -31%)  勝率 34%  每筆 -0.05%  持有 4 日  持倉 67.2  前/後 t -1.63/-3.81
                 【絕對】t -1.54  前/後 -1.14/-1.16  每月平均 -0.52%
PPP100 下半身0.5    訊號  49073 筆數  37677  alpha t -3.19  vs等權 t -1.73  beta 0.57  年化 -8.3% (ETF +13.4%)  MDD -87% (ETF -31%)  勝率 34%  每筆 -0.05%  持有 5 日  持倉 51.0  前/後 t -1.25/-3.07
                 【絕對】t -1.24  前/後 -1.01/-0.91  每月平均 -0.52%
PPP100 下半身0.75   訊號  27969 筆數  23617  alpha t -4.36  vs等權 t -2.94  beta 0.64  年化 -16.1% (ETF +13.4%)  MDD -96% (ETF -31%)  勝率 34%  每筆 -0.11%  持有 5 日  持倉 32.7  前/後 t -2.31/-3.82
                 【絕對】t -2.39  前/後 -1.93/-1.77  每月平均 -1.16%
隨機對照 200 次：中位數 -2.94、第 95 百分位 -2.10；預設格 -1.13 在第 100% 百分位
