[us] 全市場候選 5189 檔有數據、曾入前 1500 名 3408 檔
[us] 3408 檔、6742 個交易日（1999-12-02 ~ 2026-09-23）
PPP20 下半身0.0     訊號 453645 筆數 305040  alpha t -5.79  vs等權 t -8.16  beta 0.81  年化 -7.2% (ETF +8.3%)  MDD -90% (ETF -55%)  勝率 34%  每筆 -0.11%  持有 5 日  持倉 251.9  前/後 t -2.88/-6.07
                 【絕對】t -1.75  前/後 -1.61/-0.74  每月平均 -0.47%
PPP20 下半身0.5     訊號 309940 筆數 225297  alpha t -5.45  vs等權 t -7.76  beta 0.80  年化 -6.8% (ETF +8.3%)  MDD -89% (ETF -55%)  勝率 35%  每筆 -0.12%  持有 5 日  持倉 194.9  前/後 t -2.69/-5.78
                 【絕對】t -1.63  前/後 -1.51/-0.66  每月平均 -0.44%
PPP20 下半身0.75    訊號 173320 筆數 140398  alpha t -5.49  vs等權 t -7.66  beta 0.83  年化 -8.2% (ETF +8.3%)  MDD -93% (ETF -55%)  勝率 35%  每筆 -0.14%  持有 5 日  持倉 124.8  前/後 t -2.66/-5.71
                 【絕對】t -1.84  前/後 -1.55/-0.99  每月平均 -0.54%
PPP60 下半身0.0     訊號 314545 筆數 211997  alpha t -5.40  vs等權 t -6.88  beta 0.73  年化 -9.3% (ETF +8.3%)  MDD -94% (ETF -55%)  勝率 34%  每筆 -0.15%  持有 5 日  持倉 174.2  前/後 t -3.00/-5.23
                 【絕對】t -2.28  前/後 -2.01/-1.09  每月平均 -0.64%
PPP60 下半身0.5     訊號 214940 筆數 156475  alpha t -5.22  vs等權 t -6.75  beta 0.72  年化 -9.3% (ETF +8.3%)  MDD -95% (ETF -55%)  勝率 34%  每筆 -0.17%  持有 5 日  持倉 134.7  前/後 t -2.83/-5.25
                 【絕對】t -2.24  前/後 -1.93/-1.15  每月平均 -0.64%
  出場原因 {'跌破五日 EMA': 156446, '下市／樣本末仍持有': 29}；正年數 10/27、最差年 (2008, -0.8156112408907101)；前 10 筆佔總獲利 nan%
  訊號成交額排名分布：{'大型（前 1/3）': 51951, '中型': 52999, '小型（後 1/3）': 51525}
  不剔除可疑：筆數 156478  alpha t -5.22  vs等權 t -6.75  絕對 t -2.24
PPP60 下半身0.75    訊號 119970 筆數  97413  alpha t -5.50  vs等權 t -6.67  beta 0.68  年化 -11.4% (ETF +8.3%)  MDD -97% (ETF -55%)  勝率 35%  每筆 -0.20%  持有 5 日  持倉 86.1  前/後 t -2.94/-5.01
                 【絕對】t -2.83  前/後 -2.01/-2.13  每月平均 -0.83%
PPP100 下半身0.0    訊號 236360 筆數 159853  alpha t -4.82  vs等權 t -6.04  beta 0.68  年化 -8.7% (ETF +8.3%)  MDD -94% (ETF -55%)  勝率 34%  每筆 -0.14%  持有 5 日  持倉 131.3  前/後 t -2.79/-4.19
                 【絕對】t -2.11  前/後 -1.90/-0.94  每月平均 -0.59%
PPP100 下半身0.5    訊號 161444 筆數 117842  alpha t -4.47  vs等權 t -5.72  beta 0.66  年化 -8.5% (ETF +8.3%)  MDD -94% (ETF -55%)  勝率 34%  每筆 -0.16%  持有 5 日  持倉 101.4  前/後 t -2.49/-4.30
                 【絕對】t -1.98  前/後 -1.75/-0.94  每月平均 -0.57%
PPP100 下半身0.75   訊號  89902 筆數  73100  alpha t -4.59  vs等權 t -5.61  beta 0.62  年化 -10.4% (ETF +8.3%)  MDD -96% (ETF -55%)  勝率 35%  每筆 -0.18%  持有 5 日  持倉 64.6  前/後 t -2.66/-3.68
                 【絕對】t -2.44  前/後 -1.91/-1.55  每月平均 -0.73%
隨機對照 200 次：中位數 -2.75、第 95 百分位 -2.07；預設格 -2.24 在第 86% 百分位
